<<<<UNSATISFIABLE>>>> 